// Jest Snapshot v1, https://goo.gl/fbAQLP

exports[`Renders Calculator page 1`] = `
<div
  className="calc-page"
>
  <h3
    className="math-state"
  >
    Lets do some math!
  </h3>
  <div
    className="calculator"
  >
    <div
      className="calc-output"
    >
      <div
        className="calc-result"
        role="none"
      >
        0
      </div>
    </div>
    <div
      className="calc-grid"
    >
      <button
        onClick={[Function]}
        type="button"
      >
         AC 
      </button>
      <button
        onClick={[Function]}
        type="button"
      >
         +/- 
      </button>
      <button
        onClick={[Function]}
        type="button"
      >
         % 
      </button>
      <button
        className="logic-operators"
        onClick={[Function]}
        type="button"
      >
         รท 
      </button>
      <button
        onClick={[Function]}
        type="button"
      >
        7
      </button>
      <button
        onClick={[Function]}
        type="button"
      >
         8 
      </button>
      <button
        onClick={[Function]}
        type="button"
      >
         9 
      </button>
      <button
        className="logic-operators"
        onClick={[Function]}
        type="button"
      >
         x 
      </button>
      <button
        onClick={[Function]}
        type="button"
      >
         4 
      </button>
      <button
        onClick={[Function]}
        type="button"
      >
         5 
      </button>
      <button
        onClick={[Function]}
        type="button"
      >
         6 
      </button>
      <button
        className="logic-operators"
        onClick={[Function]}
        type="button"
      >
         - 
      </button>
      <button
        onClick={[Function]}
        type="button"
      >
        1
      </button>
      <button
        onClick={[Function]}
        type="button"
      >
        2
      </button>
      <button
        onClick={[Function]}
        type="button"
      >
        3
      </button>
      <button
        className="logic-operators"
        onClick={[Function]}
        type="button"
      >
         + 
      </button>
      <button
        id="zero"
        onClick={[Function]}
        type="button"
      >
         0 
      </button>
      <button
        onClick={[Function]}
        type="button"
      >
         . 
      </button>
      <button
        className="logic-operators"
        onClick={[Function]}
        type="button"
      >
         = 
      </button>
    </div>
  </div>
</div>
`;
